D:\Development\PBO\tproyek\src\main\java\com\tiket\tproyek\database\DatabaseHandler.java
D:\Development\PBO\tproyek\src\main\java\com\tiket\tproyek\HelloApplication.java
D:\Development\PBO\tproyek\src\main\java\com\tiket\tproyek\HelloController.java
D:\Development\PBO\tproyek\src\main\java\com\tiket\tproyek\Launcher.java
D:\Development\PBO\tproyek\src\main\java\com\tiket\tproyek\model\Bis.java
D:\Development\PBO\tproyek\src\main\java\com\tiket\tproyek\model\Kereta.java
D:\Development\PBO\tproyek\src\main\java\com\tiket\tproyek\model\Pesawat.java
D:\Development\PBO\tproyek\src\main\java\com\tiket\tproyek\model\Tiket.java
D:\Development\PBO\tproyek\src\main\java\com\tiket\tproyek\model\Transportasi.java
D:\Development\PBO\tproyek\src\main\java\com\tiket\tproyek\model\User.java
D:\Development\PBO\tproyek\src\main\java\com\tiket\tproyek\service\Pemesanan.java
D:\Development\PBO\tproyek\src\main\java\com\tiket\tproyek\TiketApplication.java
D:\Development\PBO\tproyek\src\main\java\module-info.java
